// Jest Snapshot v1, https://goo.gl/fbAQLP

exports[`<AllRequest /> stores a snapshot of the component 1`] = `
ShallowWrapper {
  Symbol(enzyme.__root__): [Circular],
  Symbol(enzyme.__unrendered__): <AllRequests
    allRequest={[Function]}
    history={
      Object {
        "push": [MockFunction],
      }
    }
    logout={[Function]}
    requests={
      Array [
        Object {
          "department": "technology",
          "description": "repair laptop",
          "equipment": "computer",
          "id": 1,
          "requeststatus": "pending",
          "serialnumber": 111111111,
          "title": "repair computer",
          "user_id": 1,
        },
        Object {
          "department": "technology",
          "description": "repair laptop",
          "equipment": "computer",
          "id": 2,
          "requeststatus": "pending",
          "serialnumber": 111111111,
          "title": "repair computer",
          "user_id": 2,
        },
      ]
    }
  />,
  Symbol(enzyme.__renderer__): Object {
    "batchedUpdates": [Function],
    "getNode": [Function],
    "render": [Function],
    "simulateError": [Function],
    "simulateEvent": [Function],
    "unmount": [Function],
  },
  Symbol(enzyme.__node__): Object {
    "instance": null,
    "key": undefined,
    "nodeType": "host",
    "props": Object {
      "children": Array [
        <Header>
          <Link
            replace={false}
            to="/"
          >
            Home
          </Link>
          <Link
            replace={false}
            to="admincreaterequest"
          >
            Create Request
          </Link>
          <Link
            className="current"
            replace={false}
            to="adminrequest"
          >
            All Request
          </Link>
          <li>
            <button
              className="header-btn"
              onClick={[Function]}
            >
              Logout
            </button>
          </li>
        </Header>,
        <AllRequestsComponent
          linkRoute="/allrequests"
          linkText="My Requests"
          logout={[Function]}
          requests={
            Array [
              Object {
                "department": "technology",
                "description": "repair laptop",
                "equipment": "computer",
                "id": 1,
                "requeststatus": "pending",
                "serialnumber": 111111111,
                "title": "repair computer",
                "user_id": 1,
              },
              Object {
                "department": "technology",
                "description": "repair laptop",
                "equipment": "computer",
                "id": 2,
                "requeststatus": "pending",
                "serialnumber": 111111111,
                "title": "repair computer",
                "user_id": 2,
              },
            ]
          }
          route="/singlerequest/"
        />,
      ],
    },
    "ref": null,
    "rendered": Array [
      Object {
        "instance": null,
        "key": undefined,
        "nodeType": "class",
        "props": Object {
          "children": Array [
            <Link
              replace={false}
              to="/"
            >
              Home
            </Link>,
            <Link
              replace={false}
              to="admincreaterequest"
            >
              Create Request
            </Link>,
            <Link
              className="current"
              replace={false}
              to="adminrequest"
            >
              All Request
            </Link>,
            <li>
              <button
                className="header-btn"
                onClick={[Function]}
              >
                Logout
              </button>
            </li>,
          ],
        },
        "ref": null,
        "rendered": Array [
          Object {
            "instance": null,
            "key": undefined,
            "nodeType": "class",
            "props": Object {
              "children": "Home",
              "replace": false,
              "to": "/",
            },
            "ref": null,
            "rendered": "Home",
            "type": [Function],
          },
          Object {
            "instance": null,
            "key": undefined,
            "nodeType": "class",
            "props": Object {
              "children": "Create Request",
              "replace": false,
              "to": "admincreaterequest",
            },
            "ref": null,
            "rendered": "Create Request",
            "type": [Function],
          },
          Object {
            "instance": null,
            "key": undefined,
            "nodeType": "class",
            "props": Object {
              "children": "All Request",
              "className": "current",
              "replace": false,
              "to": "adminrequest",
            },
            "ref": null,
            "rendered": "All Request",
            "type": [Function],
          },
          Object {
            "instance": null,
            "key": undefined,
            "nodeType": "host",
            "props": Object {
              "children": <button
                className="header-btn"
                onClick={[Function]}
              >
                Logout
              </button>,
            },
            "ref": null,
            "rendered": Object {
              "instance": null,
              "key": undefined,
              "nodeType": "host",
              "props": Object {
                "children": "Logout",
                "className": "header-btn",
                "onClick": [Function],
              },
              "ref": null,
              "rendered": "Logout",
              "type": "button",
            },
            "type": "li",
          },
        ],
        "type": [Function],
      },
      Object {
        "instance": null,
        "key": undefined,
        "nodeType": "function",
        "props": Object {
          "linkRoute": "/allrequests",
          "linkText": "My Requests",
          "logout": [Function],
          "requests": Array [
            Object {
              "department": "technology",
              "description": "repair laptop",
              "equipment": "computer",
              "id": 1,
              "requeststatus": "pending",
              "serialnumber": 111111111,
              "title": "repair computer",
              "user_id": 1,
            },
            Object {
              "department": "technology",
              "description": "repair laptop",
              "equipment": "computer",
              "id": 2,
              "requeststatus": "pending",
              "serialnumber": 111111111,
              "title": "repair computer",
              "user_id": 2,
            },
          ],
          "route": "/singlerequest/",
        },
        "ref": null,
        "rendered": null,
        "type": [Function],
      },
    ],
    "type": "div",
  },
  Symbol(enzyme.__nodes__): Array [
    Object {
      "instance": null,
      "key": undefined,
      "nodeType": "host",
      "props": Object {
        "children": Array [
          <Header>
            <Link
              replace={false}
              to="/"
            >
              Home
            </Link>
            <Link
              replace={false}
              to="admincreaterequest"
            >
              Create Request
            </Link>
            <Link
              className="current"
              replace={false}
              to="adminrequest"
            >
              All Request
            </Link>
            <li>
              <button
                className="header-btn"
                onClick={[Function]}
              >
                Logout
              </button>
            </li>
          </Header>,
          <AllRequestsComponent
            linkRoute="/allrequests"
            linkText="My Requests"
            logout={[Function]}
            requests={
              Array [
                Object {
                  "department": "technology",
                  "description": "repair laptop",
                  "equipment": "computer",
                  "id": 1,
                  "requeststatus": "pending",
                  "serialnumber": 111111111,
                  "title": "repair computer",
                  "user_id": 1,
                },
                Object {
                  "department": "technology",
                  "description": "repair laptop",
                  "equipment": "computer",
                  "id": 2,
                  "requeststatus": "pending",
                  "serialnumber": 111111111,
                  "title": "repair computer",
                  "user_id": 2,
                },
              ]
            }
            route="/singlerequest/"
          />,
        ],
      },
      "ref": null,
      "rendered": Array [
        Object {
          "instance": null,
          "key": undefined,
          "nodeType": "class",
          "props": Object {
            "children": Array [
              <Link
                replace={false}
                to="/"
              >
                Home
              </Link>,
              <Link
                replace={false}
                to="admincreaterequest"
              >
                Create Request
              </Link>,
              <Link
                className="current"
                replace={false}
                to="adminrequest"
              >
                All Request
              </Link>,
              <li>
                <button
                  className="header-btn"
                  onClick={[Function]}
                >
                  Logout
                </button>
              </li>,
            ],
          },
          "ref": null,
          "rendered": Array [
            Object {
              "instance": null,
              "key": undefined,
              "nodeType": "class",
              "props": Object {
                "children": "Home",
                "replace": false,
                "to": "/",
              },
              "ref": null,
              "rendered": "Home",
              "type": [Function],
            },
            Object {
              "instance": null,
              "key": undefined,
              "nodeType": "class",
              "props": Object {
                "children": "Create Request",
                "replace": false,
                "to": "admincreaterequest",
              },
              "ref": null,
              "rendered": "Create Request",
              "type": [Function],
            },
            Object {
              "instance": null,
              "key": undefined,
              "nodeType": "class",
              "props": Object {
                "children": "All Request",
                "className": "current",
                "replace": false,
                "to": "adminrequest",
              },
              "ref": null,
              "rendered": "All Request",
              "type": [Function],
            },
            Object {
              "instance": null,
              "key": undefined,
              "nodeType": "host",
              "props": Object {
                "children": <button
                  className="header-btn"
                  onClick={[Function]}
                >
                  Logout
                </button>,
              },
              "ref": null,
              "rendered": Object {
                "instance": null,
                "key": undefined,
                "nodeType": "host",
                "props": Object {
                  "children": "Logout",
                  "className": "header-btn",
                  "onClick": [Function],
                },
                "ref": null,
                "rendered": "Logout",
                "type": "button",
              },
              "type": "li",
            },
          ],
          "type": [Function],
        },
        Object {
          "instance": null,
          "key": undefined,
          "nodeType": "function",
          "props": Object {
            "linkRoute": "/allrequests",
            "linkText": "My Requests",
            "logout": [Function],
            "requests": Array [
              Object {
                "department": "technology",
                "description": "repair laptop",
                "equipment": "computer",
                "id": 1,
                "requeststatus": "pending",
                "serialnumber": 111111111,
                "title": "repair computer",
                "user_id": 1,
              },
              Object {
                "department": "technology",
                "description": "repair laptop",
                "equipment": "computer",
                "id": 2,
                "requeststatus": "pending",
                "serialnumber": 111111111,
                "title": "repair computer",
                "user_id": 2,
              },
            ],
            "route": "/singlerequest/",
          },
          "ref": null,
          "rendered": null,
          "type": [Function],
        },
      ],
      "type": "div",
    },
  ],
  Symbol(enzyme.__options__): Object {
    "adapter": ReactSixteenAdapter {
      "options": Object {
        "enableComponentDidUpdateOnSetState": true,
        "lifecycles": Object {
          "componentDidUpdate": Object {
            "onSetState": true,
          },
          "getDerivedStateFromProps": true,
          "getSnapshotBeforeUpdate": true,
          "setState": Object {
            "skipsComponentDidUpdateOnNullish": true,
          },
        },
      },
    },
    "attachTo": undefined,
    "hydrateIn": undefined,
  },
}
`;
