// Jest Snapshot v1, https://goo.gl/fbAQLP

exports[`<SignUp /> stores a snapshot of the component 1`] = `
ShallowWrapper {
  Symbol(enzyme.__root__): [Circular],
  Symbol(enzyme.__unrendered__): <Signup
    error=""
    history={Object {}}
    signUpAction={[Function]}
    userDetail={
      Object {
        "authUser": Object {
          "email": "ccureen.eloho@gmail.com",
          "id": 1,
          "name": "maureen",
          "role": "user",
        },
        "checkStatus": Object {
          "error": false,
          "isLoading": false,
          "success": false,
        },
      }
    }
  />,
  Symbol(enzyme.__renderer__): Object {
    "batchedUpdates": [Function],
    "getNode": [Function],
    "render": [Function],
    "simulateError": [Function],
    "simulateEvent": [Function],
    "unmount": [Function],
  },
  Symbol(enzyme.__node__): Object {
    "instance": null,
    "key": undefined,
    "nodeType": "host",
    "props": Object {
      "children": Array [
        <Header>
          <Link
            replace={false}
            to="/"
          >
            Home
          </Link>
          <Link
            replace={false}
            to="/signin"
          >
            Sign In
          </Link>
        </Header>,
        <section
          className="form"
        >
          <article
            className="card"
          >
            <form
              id="signupForm"
            >
              <h3>
                Sign Up
              </h3>
              <br />
              
              <input
                id="name"
                name="name"
                onChange={[Function]}
                placeholder="Name"
                type="text"
              />
              
              <br />
              <input
                id="email"
                name="email"
                onChange={[Function]}
                placeholder="Email"
                required={true}
                type="text"
              />
              
              
              <br />
              <input
                id="password"
                name="password"
                onChange={[Function]}
                placeholder="Password"
                required={true}
                type="password"
              />
              
              <br />
              <input
                id="confirmPassword"
                name="password_confirmation"
                onChange={[Function]}
                placeholder="Confirm Password"
                required={true}
                type="password"
              />
              
              <br />
              <button
                className="button"
                id="signupBtn"
                onClick={[Function]}
                type="submit"
              >
                Sign Up
              </button>
              <p>
                Already have an account?
                <Link
                  replace={false}
                  to="/signin"
                >
                  Sign In
                </Link>
              </p>
            </form>
          </article>
        </section>,
        <Footer />,
      ],
    },
    "ref": null,
    "rendered": Array [
      Object {
        "instance": null,
        "key": undefined,
        "nodeType": "class",
        "props": Object {
          "children": Array [
            <Link
              replace={false}
              to="/"
            >
              Home
            </Link>,
            <Link
              replace={false}
              to="/signin"
            >
              Sign In
            </Link>,
          ],
        },
        "ref": null,
        "rendered": Array [
          Object {
            "instance": null,
            "key": undefined,
            "nodeType": "class",
            "props": Object {
              "children": "Home",
              "replace": false,
              "to": "/",
            },
            "ref": null,
            "rendered": "Home",
            "type": [Function],
          },
          Object {
            "instance": null,
            "key": undefined,
            "nodeType": "class",
            "props": Object {
              "children": "Sign In",
              "replace": false,
              "to": "/signin",
            },
            "ref": null,
            "rendered": "Sign In",
            "type": [Function],
          },
        ],
        "type": [Function],
      },
      Object {
        "instance": null,
        "key": undefined,
        "nodeType": "host",
        "props": Object {
          "children": <article
            className="card"
          >
            <form
              id="signupForm"
            >
              <h3>
                Sign Up
              </h3>
              <br />
              
              <input
                id="name"
                name="name"
                onChange={[Function]}
                placeholder="Name"
                type="text"
              />
              
              <br />
              <input
                id="email"
                name="email"
                onChange={[Function]}
                placeholder="Email"
                required={true}
                type="text"
              />
              
              
              <br />
              <input
                id="password"
                name="password"
                onChange={[Function]}
                placeholder="Password"
                required={true}
                type="password"
              />
              
              <br />
              <input
                id="confirmPassword"
                name="password_confirmation"
                onChange={[Function]}
                placeholder="Confirm Password"
                required={true}
                type="password"
              />
              
              <br />
              <button
                className="button"
                id="signupBtn"
                onClick={[Function]}
                type="submit"
              >
                Sign Up
              </button>
              <p>
                Already have an account?
                <Link
                  replace={false}
                  to="/signin"
                >
                  Sign In
                </Link>
              </p>
            </form>
          </article>,
          "className": "form",
        },
        "ref": null,
        "rendered": Object {
          "instance": null,
          "key": undefined,
          "nodeType": "host",
          "props": Object {
            "children": <form
              id="signupForm"
            >
              <h3>
                Sign Up
              </h3>
              <br />
              
              <input
                id="name"
                name="name"
                onChange={[Function]}
                placeholder="Name"
                type="text"
              />
              
              <br />
              <input
                id="email"
                name="email"
                onChange={[Function]}
                placeholder="Email"
                required={true}
                type="text"
              />
              
              
              <br />
              <input
                id="password"
                name="password"
                onChange={[Function]}
                placeholder="Password"
                required={true}
                type="password"
              />
              
              <br />
              <input
                id="confirmPassword"
                name="password_confirmation"
                onChange={[Function]}
                placeholder="Confirm Password"
                required={true}
                type="password"
              />
              
              <br />
              <button
                className="button"
                id="signupBtn"
                onClick={[Function]}
                type="submit"
              >
                Sign Up
              </button>
              <p>
                Already have an account?
                <Link
                  replace={false}
                  to="/signin"
                >
                  Sign In
                </Link>
              </p>
            </form>,
            "className": "card",
          },
          "ref": null,
          "rendered": Object {
            "instance": null,
            "key": undefined,
            "nodeType": "host",
            "props": Object {
              "children": Array [
                <h3>
                  Sign Up
                </h3>,
                <br />,
                "",
                <input
                  id="name"
                  name="name"
                  onChange={[Function]}
                  placeholder="Name"
                  type="text"
                />,
                "",
                <br />,
                <input
                  id="email"
                  name="email"
                  onChange={[Function]}
                  placeholder="Email"
                  required={true}
                  type="text"
                />,
                "",
                "",
                <br />,
                <input
                  id="password"
                  name="password"
                  onChange={[Function]}
                  placeholder="Password"
                  required={true}
                  type="password"
                />,
                "",
                <br />,
                <input
                  id="confirmPassword"
                  name="password_confirmation"
                  onChange={[Function]}
                  placeholder="Confirm Password"
                  required={true}
                  type="password"
                />,
                "",
                <br />,
                <button
                  className="button"
                  id="signupBtn"
                  onClick={[Function]}
                  type="submit"
                >
                  Sign Up
                </button>,
                <p>
                  Already have an account?
                  <Link
                    replace={false}
                    to="/signin"
                  >
                    Sign In
                  </Link>
                </p>,
              ],
              "id": "signupForm",
            },
            "ref": null,
            "rendered": Array [
              Object {
                "instance": null,
                "key": undefined,
                "nodeType": "host",
                "props": Object {
                  "children": "Sign Up",
                },
                "ref": null,
                "rendered": "Sign Up",
                "type": "h3",
              },
              Object {
                "instance": null,
                "key": undefined,
                "nodeType": "host",
                "props": Object {},
                "ref": null,
                "rendered": null,
                "type": "br",
              },
              "",
              Object {
                "instance": null,
                "key": undefined,
                "nodeType": "host",
                "props": Object {
                  "id": "name",
                  "name": "name",
                  "onChange": [Function],
                  "placeholder": "Name",
                  "type": "text",
                },
                "ref": null,
                "rendered": null,
                "type": "input",
              },
              "",
              Object {
                "instance": null,
                "key": undefined,
                "nodeType": "host",
                "props": Object {},
                "ref": null,
                "rendered": null,
                "type": "br",
              },
              Object {
                "instance": null,
                "key": undefined,
                "nodeType": "host",
                "props": Object {
                  "id": "email",
                  "name": "email",
                  "onChange": [Function],
                  "placeholder": "Email",
                  "required": true,
                  "type": "text",
                },
                "ref": null,
                "rendered": null,
                "type": "input",
              },
              "",
              "",
              Object {
                "instance": null,
                "key": undefined,
                "nodeType": "host",
                "props": Object {},
                "ref": null,
                "rendered": null,
                "type": "br",
              },
              Object {
                "instance": null,
                "key": undefined,
                "nodeType": "host",
                "props": Object {
                  "id": "password",
                  "name": "password",
                  "onChange": [Function],
                  "placeholder": "Password",
                  "required": true,
                  "type": "password",
                },
                "ref": null,
                "rendered": null,
                "type": "input",
              },
              "",
              Object {
                "instance": null,
                "key": undefined,
                "nodeType": "host",
                "props": Object {},
                "ref": null,
                "rendered": null,
                "type": "br",
              },
              Object {
                "instance": null,
                "key": undefined,
                "nodeType": "host",
                "props": Object {
                  "id": "confirmPassword",
                  "name": "password_confirmation",
                  "onChange": [Function],
                  "placeholder": "Confirm Password",
                  "required": true,
                  "type": "password",
                },
                "ref": null,
                "rendered": null,
                "type": "input",
              },
              "",
              Object {
                "instance": null,
                "key": undefined,
                "nodeType": "host",
                "props": Object {},
                "ref": null,
                "rendered": null,
                "type": "br",
              },
              Object {
                "instance": null,
                "key": undefined,
                "nodeType": "host",
                "props": Object {
                  "children": "Sign Up",
                  "className": "button",
                  "id": "signupBtn",
                  "onClick": [Function],
                  "type": "submit",
                },
                "ref": null,
                "rendered": "Sign Up",
                "type": "button",
              },
              Object {
                "instance": null,
                "key": undefined,
                "nodeType": "host",
                "props": Object {
                  "children": Array [
                    "Already have an account?",
                    <Link
                      replace={false}
                      to="/signin"
                    >
                      Sign In
                    </Link>,
                  ],
                },
                "ref": null,
                "rendered": Array [
                  "Already have an account?",
                  Object {
                    "instance": null,
                    "key": undefined,
                    "nodeType": "class",
                    "props": Object {
                      "children": "Sign In",
                      "replace": false,
                      "to": "/signin",
                    },
                    "ref": null,
                    "rendered": "Sign In",
                    "type": [Function],
                  },
                ],
                "type": "p",
              },
            ],
            "type": "form",
          },
          "type": "article",
        },
        "type": "section",
      },
      Object {
        "instance": null,
        "key": undefined,
        "nodeType": "function",
        "props": Object {},
        "ref": null,
        "rendered": null,
        "type": [Function],
      },
    ],
    "type": "div",
  },
  Symbol(enzyme.__nodes__): Array [
    Object {
      "instance": null,
      "key": undefined,
      "nodeType": "host",
      "props": Object {
        "children": Array [
          <Header>
            <Link
              replace={false}
              to="/"
            >
              Home
            </Link>
            <Link
              replace={false}
              to="/signin"
            >
              Sign In
            </Link>
          </Header>,
          <section
            className="form"
          >
            <article
              className="card"
            >
              <form
                id="signupForm"
              >
                <h3>
                  Sign Up
                </h3>
                <br />
                
                <input
                  id="name"
                  name="name"
                  onChange={[Function]}
                  placeholder="Name"
                  type="text"
                />
                
                <br />
                <input
                  id="email"
                  name="email"
                  onChange={[Function]}
                  placeholder="Email"
                  required={true}
                  type="text"
                />
                
                
                <br />
                <input
                  id="password"
                  name="password"
                  onChange={[Function]}
                  placeholder="Password"
                  required={true}
                  type="password"
                />
                
                <br />
                <input
                  id="confirmPassword"
                  name="password_confirmation"
                  onChange={[Function]}
                  placeholder="Confirm Password"
                  required={true}
                  type="password"
                />
                
                <br />
                <button
                  className="button"
                  id="signupBtn"
                  onClick={[Function]}
                  type="submit"
                >
                  Sign Up
                </button>
                <p>
                  Already have an account?
                  <Link
                    replace={false}
                    to="/signin"
                  >
                    Sign In
                  </Link>
                </p>
              </form>
            </article>
          </section>,
          <Footer />,
        ],
      },
      "ref": null,
      "rendered": Array [
        Object {
          "instance": null,
          "key": undefined,
          "nodeType": "class",
          "props": Object {
            "children": Array [
              <Link
                replace={false}
                to="/"
              >
                Home
              </Link>,
              <Link
                replace={false}
                to="/signin"
              >
                Sign In
              </Link>,
            ],
          },
          "ref": null,
          "rendered": Array [
            Object {
              "instance": null,
              "key": undefined,
              "nodeType": "class",
              "props": Object {
                "children": "Home",
                "replace": false,
                "to": "/",
              },
              "ref": null,
              "rendered": "Home",
              "type": [Function],
            },
            Object {
              "instance": null,
              "key": undefined,
              "nodeType": "class",
              "props": Object {
                "children": "Sign In",
                "replace": false,
                "to": "/signin",
              },
              "ref": null,
              "rendered": "Sign In",
              "type": [Function],
            },
          ],
          "type": [Function],
        },
        Object {
          "instance": null,
          "key": undefined,
          "nodeType": "host",
          "props": Object {
            "children": <article
              className="card"
            >
              <form
                id="signupForm"
              >
                <h3>
                  Sign Up
                </h3>
                <br />
                
                <input
                  id="name"
                  name="name"
                  onChange={[Function]}
                  placeholder="Name"
                  type="text"
                />
                
                <br />
                <input
                  id="email"
                  name="email"
                  onChange={[Function]}
                  placeholder="Email"
                  required={true}
                  type="text"
                />
                
                
                <br />
                <input
                  id="password"
                  name="password"
                  onChange={[Function]}
                  placeholder="Password"
                  required={true}
                  type="password"
                />
                
                <br />
                <input
                  id="confirmPassword"
                  name="password_confirmation"
                  onChange={[Function]}
                  placeholder="Confirm Password"
                  required={true}
                  type="password"
                />
                
                <br />
                <button
                  className="button"
                  id="signupBtn"
                  onClick={[Function]}
                  type="submit"
                >
                  Sign Up
                </button>
                <p>
                  Already have an account?
                  <Link
                    replace={false}
                    to="/signin"
                  >
                    Sign In
                  </Link>
                </p>
              </form>
            </article>,
            "className": "form",
          },
          "ref": null,
          "rendered": Object {
            "instance": null,
            "key": undefined,
            "nodeType": "host",
            "props": Object {
              "children": <form
                id="signupForm"
              >
                <h3>
                  Sign Up
                </h3>
                <br />
                
                <input
                  id="name"
                  name="name"
                  onChange={[Function]}
                  placeholder="Name"
                  type="text"
                />
                
                <br />
                <input
                  id="email"
                  name="email"
                  onChange={[Function]}
                  placeholder="Email"
                  required={true}
                  type="text"
                />
                
                
                <br />
                <input
                  id="password"
                  name="password"
                  onChange={[Function]}
                  placeholder="Password"
                  required={true}
                  type="password"
                />
                
                <br />
                <input
                  id="confirmPassword"
                  name="password_confirmation"
                  onChange={[Function]}
                  placeholder="Confirm Password"
                  required={true}
                  type="password"
                />
                
                <br />
                <button
                  className="button"
                  id="signupBtn"
                  onClick={[Function]}
                  type="submit"
                >
                  Sign Up
                </button>
                <p>
                  Already have an account?
                  <Link
                    replace={false}
                    to="/signin"
                  >
                    Sign In
                  </Link>
                </p>
              </form>,
              "className": "card",
            },
            "ref": null,
            "rendered": Object {
              "instance": null,
              "key": undefined,
              "nodeType": "host",
              "props": Object {
                "children": Array [
                  <h3>
                    Sign Up
                  </h3>,
                  <br />,
                  "",
                  <input
                    id="name"
                    name="name"
                    onChange={[Function]}
                    placeholder="Name"
                    type="text"
                  />,
                  "",
                  <br />,
                  <input
                    id="email"
                    name="email"
                    onChange={[Function]}
                    placeholder="Email"
                    required={true}
                    type="text"
                  />,
                  "",
                  "",
                  <br />,
                  <input
                    id="password"
                    name="password"
                    onChange={[Function]}
                    placeholder="Password"
                    required={true}
                    type="password"
                  />,
                  "",
                  <br />,
                  <input
                    id="confirmPassword"
                    name="password_confirmation"
                    onChange={[Function]}
                    placeholder="Confirm Password"
                    required={true}
                    type="password"
                  />,
                  "",
                  <br />,
                  <button
                    className="button"
                    id="signupBtn"
                    onClick={[Function]}
                    type="submit"
                  >
                    Sign Up
                  </button>,
                  <p>
                    Already have an account?
                    <Link
                      replace={false}
                      to="/signin"
                    >
                      Sign In
                    </Link>
                  </p>,
                ],
                "id": "signupForm",
              },
              "ref": null,
              "rendered": Array [
                Object {
                  "instance": null,
                  "key": undefined,
                  "nodeType": "host",
                  "props": Object {
                    "children": "Sign Up",
                  },
                  "ref": null,
                  "rendered": "Sign Up",
                  "type": "h3",
                },
                Object {
                  "instance": null,
                  "key": undefined,
                  "nodeType": "host",
                  "props": Object {},
                  "ref": null,
                  "rendered": null,
                  "type": "br",
                },
                "",
                Object {
                  "instance": null,
                  "key": undefined,
                  "nodeType": "host",
                  "props": Object {
                    "id": "name",
                    "name": "name",
                    "onChange": [Function],
                    "placeholder": "Name",
                    "type": "text",
                  },
                  "ref": null,
                  "rendered": null,
                  "type": "input",
                },
                "",
                Object {
                  "instance": null,
                  "key": undefined,
                  "nodeType": "host",
                  "props": Object {},
                  "ref": null,
                  "rendered": null,
                  "type": "br",
                },
                Object {
                  "instance": null,
                  "key": undefined,
                  "nodeType": "host",
                  "props": Object {
                    "id": "email",
                    "name": "email",
                    "onChange": [Function],
                    "placeholder": "Email",
                    "required": true,
                    "type": "text",
                  },
                  "ref": null,
                  "rendered": null,
                  "type": "input",
                },
                "",
                "",
                Object {
                  "instance": null,
                  "key": undefined,
                  "nodeType": "host",
                  "props": Object {},
                  "ref": null,
                  "rendered": null,
                  "type": "br",
                },
                Object {
                  "instance": null,
                  "key": undefined,
                  "nodeType": "host",
                  "props": Object {
                    "id": "password",
                    "name": "password",
                    "onChange": [Function],
                    "placeholder": "Password",
                    "required": true,
                    "type": "password",
                  },
                  "ref": null,
                  "rendered": null,
                  "type": "input",
                },
                "",
                Object {
                  "instance": null,
                  "key": undefined,
                  "nodeType": "host",
                  "props": Object {},
                  "ref": null,
                  "rendered": null,
                  "type": "br",
                },
                Object {
                  "instance": null,
                  "key": undefined,
                  "nodeType": "host",
                  "props": Object {
                    "id": "confirmPassword",
                    "name": "password_confirmation",
                    "onChange": [Function],
                    "placeholder": "Confirm Password",
                    "required": true,
                    "type": "password",
                  },
                  "ref": null,
                  "rendered": null,
                  "type": "input",
                },
                "",
                Object {
                  "instance": null,
                  "key": undefined,
                  "nodeType": "host",
                  "props": Object {},
                  "ref": null,
                  "rendered": null,
                  "type": "br",
                },
                Object {
                  "instance": null,
                  "key": undefined,
                  "nodeType": "host",
                  "props": Object {
                    "children": "Sign Up",
                    "className": "button",
                    "id": "signupBtn",
                    "onClick": [Function],
                    "type": "submit",
                  },
                  "ref": null,
                  "rendered": "Sign Up",
                  "type": "button",
                },
                Object {
                  "instance": null,
                  "key": undefined,
                  "nodeType": "host",
                  "props": Object {
                    "children": Array [
                      "Already have an account?",
                      <Link
                        replace={false}
                        to="/signin"
                      >
                        Sign In
                      </Link>,
                    ],
                  },
                  "ref": null,
                  "rendered": Array [
                    "Already have an account?",
                    Object {
                      "instance": null,
                      "key": undefined,
                      "nodeType": "class",
                      "props": Object {
                        "children": "Sign In",
                        "replace": false,
                        "to": "/signin",
                      },
                      "ref": null,
                      "rendered": "Sign In",
                      "type": [Function],
                    },
                  ],
                  "type": "p",
                },
              ],
              "type": "form",
            },
            "type": "article",
          },
          "type": "section",
        },
        Object {
          "instance": null,
          "key": undefined,
          "nodeType": "function",
          "props": Object {},
          "ref": null,
          "rendered": null,
          "type": [Function],
        },
      ],
      "type": "div",
    },
  ],
  Symbol(enzyme.__options__): Object {
    "adapter": ReactSixteenAdapter {
      "options": Object {
        "enableComponentDidUpdateOnSetState": true,
        "lifecycles": Object {
          "componentDidUpdate": Object {
            "onSetState": true,
          },
          "getDerivedStateFromProps": true,
          "getSnapshotBeforeUpdate": true,
          "setState": Object {
            "skipsComponentDidUpdateOnNullish": true,
          },
        },
      },
    },
    "attachTo": undefined,
    "hydrateIn": undefined,
  },
}
`;
